<html>
<body>
<pre>
<h1>µVision Build Log</h1>
<h2>Tool Versions:</h2>
IDE-Version: ¦ÌVision V5.38.0.0
Copyright (C) 2022 ARM Ltd and ARM Germany GmbH. All rights reserved.
License Information: li loop, loop, LIC=03C6R-K1MLU-IIK5V-PZWV0-7DGAD-LHKK8
 
Tool Versions:
Toolchain:       MDK-ARM Plus  Version: 5.38.0.0
Toolchain Path:  D:\Keil_v5\ARM\ARMCC\Bin
C Compiler:      Armcc.exe V5.06 update 7 (build 960)
Assembler:       Armasm.exe V5.06 update 7 (build 960)
Linker/Locator:  ArmLink.exe V5.06 update 7 (build 960)
Library Manager: ArmAr.exe V5.06 update 7 (build 960)
Hex Converter:   FromElf.exe V5.06 update 7 (build 960)
CPU DLL:         SARMCM3.DLL V5.38.0.0
Dialog DLL:      DCM.DLL V1.17.5.0
Target DLL:      CMSIS_AGDI.dll V1.33.15.0
Dialog DLL:      TCM.DLL V1.56.4.0
 
<h2>Project:</h2>
D:\Project\GD32\GD32_Test\Project.uvprojx
Project File Date:  02/17/2024

<h2>Output:</h2>
*** Using Compiler 'V5.06 update 7 (build 960)', folder: 'D:\Keil_v5\ARM\ARMCC\Bin'
Rebuild target 'Target 1'
assembling startup_gd32f450_470.s...
compiling system_gd32f4xx.c...
compiling gd32f4xx_crc.c...
compiling gd32f4xx_adc.c...
compiling gd32f4xx_can.c...
compiling gd32f4xx_ctc.c...
compiling gd32f4xx_dbg.c...
compiling gd32f4xx_dci.c...
compiling gd32f4xx_dac.c...
compiling gd32f4xx_dma.c...
compiling gd32f4xx_enet.c...
compiling gd32f4xx_exti.c...
compiling gd32f4xx_exmc.c...
compiling gd32f4xx_fmc.c...
compiling gd32f4xx_fwdgt.c...
compiling gd32f4xx_gpio.c...
compiling gd32f4xx_i2c.c...
compiling gd32f4xx_ipa.c...
compiling gd32f4xx_iref.c...
compiling gd32f4xx_pmu.c...
compiling gd32f4xx_misc.c...
compiling gd32f4xx_rcu.c...
compiling gd32f4xx_sdio.c...
compiling gd32f4xx_syscfg.c...
compiling gd32f4xx_rtc.c...
compiling gd32f4xx_spi.c...
compiling gd32f4xx_trng.c...
compiling gd32f4xx_timer.c...
compiling gd32f4xx_usart.c...
compiling gd32f4xx_tli.c...
compiling gd32f4xx_wwdgt.c...
compiling Usart.c...
compiling SPI.c...
compiling I2C.c...
compiling HW_SPI.c...
compiling LCD.c...
compiling LCD_SPI.c...
compiling GUI.c...
compiling gd32f4xx_it.c...
compiling systick.c...
compiling main.c...
linking...
Program Size: Code=3776 RO-data=115660 RW-data=16 ZI-data=1024  
".\Objects\Project.axf" - 0 Error(s), 0 Warning(s).

<h2>Software Packages used:</h2>

Package Vendor: GigaDevice
                https://gd32mcu.com/data/documents/pack/GigaDevice.GD32F4xx_DFP.3.0.3.pack
                GigaDevice.GD32F4xx_DFP.3.0.3
                GigaDevice GD32F4xx Series Device Support and Examples

<h2>Collection of Component include folders:</h2>
  D:/Arm/Packs/GigaDevice/GD32F4xx_DFP/3.0.3/Device/F4XX/Include

<h2>Collection of Component Files used:</h2>
Build Time Elapsed:  00:00:04
</pre>
</body>
</html>
